// Jest Snapshot v1, https://goo.gl/fbAQLP

exports[`AddCategory should display correctly 1`] = `ShallowWrapper {}`;
