// Jest Snapshot v1, https://goo.gl/fbAQLP

exports[`GifGrid Show correctly the component 1`] = `ShallowWrapper {}`;
